// Jest Snapshot v1, https://goo.gl/fbAQLP

exports[`Button Component should match the snapshot 1`] = `
<button
  className="govuk-button"
  type="button"
>
  Test
</button>
`;
